[0m09:10:00.918653 [debug] [MainThread]: Sending event: {'category': 'dbt', 'action': 'invocation', 'label': 'start', 'context': [<snowplow_tracker.self_describing_json.SelfDescribingJson object at 0x7fa05acef8f0>, <snowplow_tracker.self_describing_json.SelfDescribingJson object at 0x7fa05b169280>, <snowplow_tracker.self_describing_json.SelfDescribingJson object at 0x7fa05b35cfb0>]}


============================== 09:10:00.924303 | bed3a457-13fe-49ef-8314-e1a8e1c726b1 ==============================
[0m09:10:00.924303 [info ] [MainThread]: Running with dbt=1.10.11
[0m09:10:00.925034 [debug] [MainThread]: running dbt with arguments {'log_cache_events': 'False', 'version_check': 'True', 'send_anonymous_usage_stats': 'True', 'debug': 'False', 'printer_width': '80', 'introspect': 'True', 'use_experimental_parser': 'False', 'quiet': 'False', 'indirect_selection': 'eager', 'target_path': 'None', 'invocation_command': 'dbt debug', 'profiles_dir': '/home/farnoosh/.dbt', 'write_json': 'True', 'warn_error_options': 'WarnErrorOptionsV2(error=[], warn=[], silence=[])', 'partial_parse': 'True', 'log_format': 'default', 'fail_fast': 'False', 'cache_selected_only': 'False', 'use_colors': 'True', 'static_parser': 'True', 'no_print': 'None', 'empty': 'None', 'log_path': 'logs', 'warn_error': 'None'}
[0m09:10:00.954229 [info ] [MainThread]: dbt version: 1.10.11
[0m09:10:00.954893 [info ] [MainThread]: python version: 3.12.3
[0m09:10:00.955428 [info ] [MainThread]: python path: /home/farnoosh/.venvs/dbt-env/bin/python3
[0m09:10:00.955923 [info ] [MainThread]: os info: Linux-5.15.167.4-microsoft-standard-WSL2-x86_64-with-glibc2.39
[0m09:10:01.023005 [info ] [MainThread]: Using profiles dir at /home/farnoosh/.dbt
[0m09:10:01.023557 [info ] [MainThread]: Using profiles.yml file at /home/farnoosh/.dbt/profiles.yml
[0m09:10:01.024079 [info ] [MainThread]: Using dbt_project.yml file at /home/farnoosh/home/elt/elt/dbt_project.yml
[0m09:10:01.024749 [info ] [MainThread]: Configuration:
[0m09:10:01.025111 [info ] [MainThread]:   profiles.yml file [[31mERROR invalid[0m]
[0m09:10:01.025515 [info ] [MainThread]:   dbt_project.yml file [[31mERROR not found[0m]
[0m09:10:01.025952 [info ] [MainThread]: Required dependencies:
[0m09:10:01.026330 [debug] [MainThread]: Executing "git --help"
[0m09:10:01.053229 [debug] [MainThread]: STDOUT: "b"usage: git [-v | --version] [-h | --help] [-C <path>] [-c <name>=<value>]\n           [--exec-path[=<path>]] [--html-path] [--man-path] [--info-path]\n           [-p | --paginate | -P | --no-pager] [--no-replace-objects] [--bare]\n           [--git-dir=<path>] [--work-tree=<path>] [--namespace=<name>]\n           [--config-env=<name>=<envvar>] <command> [<args>]\n\nThese are common Git commands used in various situations:\n\nstart a working area (see also: git help tutorial)\n   clone     Clone a repository into a new directory\n   init      Create an empty Git repository or reinitialize an existing one\n\nwork on the current change (see also: git help everyday)\n   add       Add file contents to the index\n   mv        Move or rename a file, a directory, or a symlink\n   restore   Restore working tree files\n   rm        Remove files from the working tree and from the index\n\nexamine the history and state (see also: git help revisions)\n   bisect    Use binary search to find the commit that introduced a bug\n   diff      Show changes between commits, commit and working tree, etc\n   grep      Print lines matching a pattern\n   log       Show commit logs\n   show      Show various types of objects\n   status    Show the working tree status\n\ngrow, mark and tweak your common history\n   branch    List, create, or delete branches\n   commit    Record changes to the repository\n   merge     Join two or more development histories together\n   rebase    Reapply commits on top of another base tip\n   reset     Reset current HEAD to the specified state\n   switch    Switch branches\n   tag       Create, list, delete or verify a tag object signed with GPG\n\ncollaborate (see also: git help workflows)\n   fetch     Download objects and refs from another repository\n   pull      Fetch from and integrate with another repository or a local branch\n   push      Update remote refs along with associated objects\n\n'git help -a' and 'git help -g' list available subcommands and some\nconcept guides. See 'git help <command>' or 'git help <concept>'\nto read about a specific subcommand or concept.\nSee 'git help git' for an overview of the system.\n""
[0m09:10:01.053804 [debug] [MainThread]: STDERR: "b''"
[0m09:10:01.054101 [info ] [MainThread]:  - git [[32mOK found[0m]

[0m09:10:01.054468 [info ] [MainThread]: Connection test skipped since no profile was found
[0m09:10:01.055015 [info ] [MainThread]: [31m2 checks failed:[0m
[0m09:10:01.055527 [info ] [MainThread]: Could not load dbt_project.yml
Profile loading failed for the following reason:
Runtime Error
  Credentials in profile "elt", target "dev" invalid: ['dbname'] is not of type 'string'

Runtime Error
  Credentials in profile "homefarnooshhomeeltelt", target "dev" invalid: ['dbname'] is not of type 'string'


[0m09:10:01.055899 [info ] [MainThread]: Project loading failed for the following reason:
 project path </home/farnoosh/home/elt/elt/dbt_project.yml> not found

[0m09:10:01.058295 [debug] [MainThread]: Resource report: {"command_name": "debug", "command_success": false, "command_wall_clock_time": 0.24480712, "process_in_blocks": "51456", "process_kernel_time": 0.221691, "process_mem_max_rss": "102532", "process_out_blocks": "24", "process_user_time": 2.197637}
[0m09:10:01.058885 [debug] [MainThread]: Command `dbt debug` failed at 09:10:01.058756 after 0.25 seconds
[0m09:10:01.059331 [debug] [MainThread]: Sending event: {'category': 'dbt', 'action': 'invocation', 'label': 'end', 'context': [<snowplow_tracker.self_describing_json.SelfDescribingJson object at 0x7fa05ec6f2f0>, <snowplow_tracker.self_describing_json.SelfDescribingJson object at 0x7fa05b55b080>, <snowplow_tracker.self_describing_json.SelfDescribingJson object at 0x7fa05b20d4c0>]}
[0m09:10:01.059843 [debug] [MainThread]: Flushing usage events
[0m09:10:02.879480 [debug] [MainThread]: An error was encountered while trying to flush usage events
[0m09:11:24.609204 [debug] [MainThread]: Sending event: {'category': 'dbt', 'action': 'invocation', 'label': 'start', 'context': [<snowplow_tracker.self_describing_json.SelfDescribingJson object at 0x7f6125938710>, <snowplow_tracker.self_describing_json.SelfDescribingJson object at 0x7f6126be9790>, <snowplow_tracker.self_describing_json.SelfDescribingJson object at 0x7f6124ed1af0>]}


============================== 09:11:24.612516 | e0ca0a22-c39b-4cbf-be5b-1847ce478c8c ==============================
[0m09:11:24.612516 [info ] [MainThread]: Running with dbt=1.10.11
[0m09:11:24.613055 [debug] [MainThread]: running dbt with arguments {'empty': 'None', 'indirect_selection': 'eager', 'write_json': 'True', 'warn_error': 'None', 'use_colors': 'True', 'fail_fast': 'False', 'cache_selected_only': 'False', 'log_cache_events': 'False', 'warn_error_options': 'WarnErrorOptionsV2(error=[], warn=[], silence=[])', 'use_experimental_parser': 'False', 'static_parser': 'True', 'printer_width': '80', 'debug': 'False', 'introspect': 'True', 'version_check': 'True', 'send_anonymous_usage_stats': 'True', 'profiles_dir': '/home/farnoosh/.dbt', 'partial_parse': 'True', 'invocation_command': 'dbt init', 'no_print': 'None', 'log_path': 'logs', 'log_format': 'default', 'quiet': 'False', 'target_path': 'None'}
[0m09:11:34.917233 [debug] [MainThread]: Starter project path: /home/farnoosh/.venvs/dbt-env/lib/python3.12/site-packages/dbt/include/starter_project
[0m09:11:34.927065 [info ] [MainThread]: 
Your new dbt project "elt" was created!

For more information on how to configure the profiles.yml file,
please consult the dbt documentation here:

  https://docs.getdbt.com/docs/configure-your-profile

One more thing:

Need help? Don't hesitate to reach out to us via GitHub issues or on Slack:

  https://community.getdbt.com/

Happy modeling!

[0m09:11:34.927689 [info ] [MainThread]: Setting up your profile.
[0m09:12:51.374380 [debug] [MainThread]: Resource report: {"command_name": "init", "command_success": true, "command_wall_clock_time": 86.845, "process_in_blocks": "168", "process_kernel_time": 0.11144, "process_mem_max_rss": "98388", "process_out_blocks": "80", "process_user_time": 1.793183}
[0m09:12:51.375757 [debug] [MainThread]: Command `dbt init` succeeded at 09:12:51.375583 after 86.85 seconds
[0m09:12:51.376365 [debug] [MainThread]: Sending event: {'category': 'dbt', 'action': 'invocation', 'label': 'end', 'context': [<snowplow_tracker.self_describing_json.SelfDescribingJson object at 0x7f61257cf410>, <snowplow_tracker.self_describing_json.SelfDescribingJson object at 0x7f6124ccb1d0>, <snowplow_tracker.self_describing_json.SelfDescribingJson object at 0x7f61255cee40>]}
[0m09:12:51.376903 [debug] [MainThread]: Flushing usage events
[0m09:12:52.652213 [debug] [MainThread]: An error was encountered while trying to flush usage events
[0m09:12:59.713375 [debug] [MainThread]: Sending event: {'category': 'dbt', 'action': 'invocation', 'label': 'start', 'context': [<snowplow_tracker.self_describing_json.SelfDescribingJson object at 0x7fdf65d67860>, <snowplow_tracker.self_describing_json.SelfDescribingJson object at 0x7fdf663c1970>, <snowplow_tracker.self_describing_json.SelfDescribingJson object at 0x7fdf65d67890>]}


============================== 09:12:59.717128 | 1ade0163-09cf-441b-9bde-983e16b2f76c ==============================
[0m09:12:59.717128 [info ] [MainThread]: Running with dbt=1.10.11
[0m09:12:59.717732 [debug] [MainThread]: running dbt with arguments {'printer_width': '80', 'debug': 'False', 'send_anonymous_usage_stats': 'True', 'empty': 'False', 'write_json': 'True', 'quiet': 'False', 'log_path': 'logs', 'fail_fast': 'False', 'version_check': 'True', 'log_cache_events': 'False', 'log_format': 'default', 'cache_selected_only': 'False', 'warn_error_options': 'WarnErrorOptionsV2(error=[], warn=[], silence=[])', 'indirect_selection': 'eager', 'profiles_dir': '/home/farnoosh/.dbt', 'invocation_command': 'dbt run', 'introspect': 'True', 'partial_parse': 'True', 'static_parser': 'True', 'no_print': 'None', 'use_colors': 'True', 'target_path': 'None', 'use_experimental_parser': 'False', 'warn_error': 'None'}
[0m09:12:59.718184 [error] [MainThread]: Encountered an error:
Runtime Error
  No dbt_project.yml found at expected path /home/farnoosh/home/elt/elt/dbt_project.yml
  Verify that each entry within packages.yml (and their transitive dependencies) contains a file named dbt_project.yml
  
[0m09:12:59.719368 [debug] [MainThread]: Resource report: {"command_name": "run", "command_success": false, "command_wall_clock_time": 0.07809253, "process_in_blocks": "0", "process_kernel_time": 0.140756, "process_mem_max_rss": "98236", "process_out_blocks": "8", "process_user_time": 1.467893}
[0m09:12:59.719856 [debug] [MainThread]: Command `dbt run` failed at 09:12:59.719758 after 0.08 seconds
[0m09:12:59.720163 [debug] [MainThread]: Sending event: {'category': 'dbt', 'action': 'invocation', 'label': 'end', 'context': [<snowplow_tracker.self_describing_json.SelfDescribingJson object at 0x7fdf69cc32f0>, <snowplow_tracker.self_describing_json.SelfDescribingJson object at 0x7fdf65d67860>, <snowplow_tracker.self_describing_json.SelfDescribingJson object at 0x7fdf65d67890>]}
[0m09:12:59.720473 [debug] [MainThread]: Flushing usage events
[0m09:13:00.762746 [debug] [MainThread]: An error was encountered while trying to flush usage events
